Tree:
                 70
                 /
                69
               /
              68
             /
            65
           /
          43
         /
        32
       /
      31
     /
    26
   /
  24
 /
11

#nodes = 10,  #leaves = 1
Infix  : 11 24 26 31 32 43 65 68 69 70 
Prefix : 70 69 68 65 43 32 31 26 24 11 
Postfix: 11 24 26 31 32 43 65 68 69 70 
ByLevel: 70 69 68 65 43 32 31 26 24 11 
